java.io.IOException: Connection reset by peer
	at java.base/sun.nio.ch.SocketDispatcher.write0(Native Method)
	at java.base/sun.nio.ch.SocketDispatcher.write(SocketDispatcher.java:54)
	at java.base/sun.nio.ch.IOUtil.writeFromNativeBuffer(IOUtil.java:132)
	at java.base/sun.nio.ch.IOUtil.write(IOUtil.java:97)
	at java.base/sun.nio.ch.IOUtil.write(IOUtil.java:53)
	at java.base/sun.nio.ch.SocketChannelImpl.write(SocketChannelImpl.java:532)
	at jdk.httpserver/sun.net.httpserver.Request$WriteStream.write(Request.java:424)
	at java.base/java.io.BufferedOutputStream.flushBuffer(BufferedOutputStream.java:81)
	at java.base/java.io.BufferedOutputStream.flush(BufferedOutputStream.java:142)
	at jdk.httpserver/sun.net.httpserver.ExchangeImpl.sendResponseHeaders(ExchangeImpl.java:280)
	at jdk.httpserver/sun.net.httpserver.HttpExchangeImpl.sendResponseHeaders(HttpExchangeImpl.java:85)
	at TRANSFORMER/geomantia@0.1.0/com.rinsing.geomantia.platform.http.GisHttpUtil.sendJson(GisHttpUtil.java:61)
	at TRANSFORMER/geomantia@0.1.0/com.rinsing.geomantia.platform.http.GisHttpUtil.sendError(GisHttpUtil.java:77)
	at TRANSFORMER/geomantia@0.1.0/com.rinsing.geomantia.platform.http.RealmPlanningHttpController.sendError(RealmPlanningHttpController.java:1363)
	at TRANSFORMER/geomantia@0.1.0/com.rinsing.geomantia.platform.http.RealmPlanningHttpController.handle(RealmPlanningHttpController.java:1125)
	at TRANSFORMER/geomantia@0.1.0/com.rinsing.geomantia.platform.http.RealmPlanningHttpController.handleCityCompileD4Blueprint(RealmPlanningHttpController.java:272)
	at jdk.httpserver/com.sun.net.httpserver.Filter$Chain.doFilter(Filter.java:95)
	at jdk.httpserver/sun.net.httpserver.AuthFilter.doFilter(AuthFilter.java:82)
	at jdk.httpserver/com.sun.net.httpserver.Filter$Chain.doFilter(Filter.java:98)
	at jdk.httpserver/sun.net.httpserver.ServerImpl$Exchange$LinkHandler.handle(ServerImpl.java:853)
	at jdk.httpserver/com.sun.net.httpserver.Filter$Chain.doFilter(Filter.java:95)
	at jdk.httpserver/sun.net.httpserver.ServerImpl$Exchange.run(ServerImpl.java:820)
	at java.base/java.util.concurrent.ThreadPoolExecutor.runWorker(ThreadPoolExecutor.java:1136)
	at java.base/java.util.concurrent.ThreadPoolExecutor$Worker.run(ThreadPoolExecutor.java:635)
	at java.base/java.lang.Thread.run(Thread.java:842)
